/home/arooba/compute-aware-vit-variant-b/src/train.py:691: FutureWarning: You are using `torch.load` with `weights_only=False` (the current default value), which uses the default pickle module implicitly. It is possible to construct malicious pickle data which will execute arbitrary code during unpickling (See https://github.com/pytorch/pytorch/blob/main/SECURITY.md#untrusted-models for more details). In a future release, the default value for `weights_only` will be flipped to `True`. This limits the functions that could be executed during unpickling. Arbitrary objects will no longer be allowed to be loaded via this mode unless they are explicitly allowlisted by the user via `torch.serialization.add_safe_globals`. We recommend you start setting `weights_only=True` for any use case where you don't have full control of the loaded file. Please open an issue on GitHub for any issues related to this experimental feature.
  model.load_state_dict(torch.load(best_ckpt, map_location=device))
Device  : cuda
Config  : configs/multibudget_seed7.yaml
Settings: {'model_type': 'multibudget', 'num_classes': 100, 'data_dir': '/home/arooba/compute-aware-vit-thesis/data/', 'output_dir': 'checkpoints/multibudget_clean_split_seed7', 'results_dir': 'results/multibudget_clean_split_seed7', 'batch_size': 32, 'epochs': 20, 'learning_rate': 0.0001, 'weight_decay': 0.0001, 'seed': 7, 'pretrained': True, 'prune_layer': 3, 'eval_budgets': [0.25, 0.5, 0.75, 1.0], 'middle_budgets': [0.5, 0.75], 'use_all_budgets': False, 'distill_weight': 0.5, 'eval_test': False, 'split_seed': 42, 'val_size': 5000}
Split   : {'split_seed': 42, 'train_size': 45000, 'val_size': 5000, 'test_size': 10000}
Model   : vit_multibudget  (5,543,716 params)
Multi-budget sandwich training for 20 epochs -> checkpoints/multibudget_clean_split_seed7
Epoch   1/20 | loss=1.9303 | val[0.25=0.6184  0.50=0.6796  0.75=0.7008  1.00=0.7078] | mean=0.6766 min=0.6184 | 62.4s
  ✓ best (mean_val=0.6766) saved
Epoch   2/20 | loss=1.0558 | val[0.25=0.6778  0.50=0.7332  0.75=0.7482  1.00=0.7562] | mean=0.7288 min=0.6778 | 54.3s
  ✓ best (mean_val=0.7288) saved
Epoch   3/20 | loss=0.8461 | val[0.25=0.7010  0.50=0.7538  0.75=0.7696  1.00=0.7760] | mean=0.7501 min=0.7010 | 60.3s
  ✓ best (mean_val=0.7501) saved
Epoch   4/20 | loss=0.7090 | val[0.25=0.7130  0.50=0.7586  0.75=0.7744  1.00=0.7762] | mean=0.7555 min=0.7130 | 61.3s
  ✓ best (mean_val=0.7555) saved
Epoch   5/20 | loss=0.6064 | val[0.25=0.7142  0.50=0.7638  0.75=0.7770  1.00=0.7812] | mean=0.7591 min=0.7142 | 54.0s
  ✓ best (mean_val=0.7591) saved
Epoch   6/20 | loss=0.5271 | val[0.25=0.7248  0.50=0.7674  0.75=0.7794  1.00=0.7852] | mean=0.7642 min=0.7248 | 54.5s
  ✓ best (mean_val=0.7642) saved
Epoch   7/20 | loss=0.4691 | val[0.25=0.7352  0.50=0.7870  0.75=0.8034  1.00=0.8096] | mean=0.7838 min=0.7352 | 56.6s
  ✓ best (mean_val=0.7838) saved
Epoch   8/20 | loss=0.4010 | val[0.25=0.7118  0.50=0.7650  0.75=0.7850  1.00=0.7888] | mean=0.7627 min=0.7118 | 60.2s
Epoch   9/20 | loss=0.3546 | val[0.25=0.7374  0.50=0.7798  0.75=0.7930  1.00=0.7972] | mean=0.7769 min=0.7374 | 62.5s
Epoch  10/20 | loss=0.3266 | val[0.25=0.7384  0.50=0.7870  0.75=0.8050  1.00=0.8050] | mean=0.7839 min=0.7384 | 55.7s
  ✓ best (mean_val=0.7839) saved
Epoch  11/20 | loss=0.2867 | val[0.25=0.7326  0.50=0.7816  0.75=0.7938  1.00=0.7978] | mean=0.7764 min=0.7326 | 59.9s
Epoch  12/20 | loss=0.2664 | val[0.25=0.7504  0.50=0.7908  0.75=0.7996  1.00=0.8032] | mean=0.7860 min=0.7504 | 64.2s
  ✓ best (mean_val=0.7860) saved
Epoch  13/20 | loss=0.2459 | val[0.25=0.7324  0.50=0.7822  0.75=0.7946  1.00=0.7968] | mean=0.7765 min=0.7324 | 65.0s
Epoch  14/20 | loss=0.2138 | val[0.25=0.7388  0.50=0.7844  0.75=0.7936  1.00=0.7974] | mean=0.7786 min=0.7388 | 60.9s
Epoch  15/20 | loss=0.2087 | val[0.25=0.7354  0.50=0.7758  0.75=0.7830  1.00=0.7880] | mean=0.7706 min=0.7354 | 56.6s
Epoch  16/20 | loss=0.1898 | val[0.25=0.7304  0.50=0.7742  0.75=0.7888  1.00=0.7952] | mean=0.7722 min=0.7304 | 54.5s
Epoch  17/20 | loss=0.1830 | val[0.25=0.7260  0.50=0.7786  0.75=0.7854  1.00=0.7844] | mean=0.7686 min=0.7260 | 56.6s
Epoch  18/20 | loss=0.1687 | val[0.25=0.7318  0.50=0.7748  0.75=0.7886  1.00=0.7950] | mean=0.7726 min=0.7318 | 58.6s
Epoch  19/20 | loss=0.1632 | val[0.25=0.7288  0.50=0.7638  0.75=0.7810  1.00=0.7810] | mean=0.7637 min=0.7288 | 58.7s
Epoch  20/20 | loss=0.1504 | val[0.25=0.7330  0.50=0.7746  0.75=0.7872  1.00=0.7876] | mean=0.7706 min=0.7330 | 57.2s

Loaded best checkpoint (epoch 12, mean_val=0.7860)
Metrics saved → checkpoints/multibudget_clean_split_seed7/metrics.json

Done.
